<html>
<body>
<pre>
<h1>礦ision Build Log</h1>
<h2>Tool Versions:</h2>
IDE-Version: μVision V5.14.0.0
Copyright (C) 2015 ARM Ltd and ARM Germany GmbH. All rights reserved.
License Information: you ert, err, LIC=FQQ63-AI1Y2-YALDD-81R01-HEEBG-5WH7L
 
Tool Versions:
Toolchain:       MDK-ARM Professional  Version: 5.14.0.0
Toolchain Path:  J:\Keil5\ARM\ARMCC\Bin
C Compiler:      Armcc.exe V5.05 update 1 (build 106)
Assembler:       Armasm.exe V5.05 update 1 (build 106)
Linker/Locator:  ArmLink.exe V5.05 update 1 (build 106)
Library Manager: ArmAr.exe V5.05 update 1 (build 106)
Hex Converter:   FromElf.exe V5.05 update 1 (build 106)
CPU DLL:         SARMCM3.DLL V5.14.0.0
Dialog DLL:      DCM.DLL V1.13.1.0
Target DLL:      Segger\JL2CM3.dll V2.99.13.0
Dialog DLL:      TCM.DLL V1.14.4.0
 
<h2>Project:</h2>
H:\LY\RM\无人机任务二\任务二\USART_DMA(标准库)\Project\RVMDK（uv5）\BH-F103.uvprojx
Project File Date:  01/16/2019

<h2>Output:</h2>
Build target '内存到外设'
compiling bsp_usart_dma.c...
linking...
Program Size: Code=4782 RO-data=1106 RW-data=52 ZI-data=1028  
FromELF: creating hex file...
"..\..\Output\内存到外设.axf" - 0 Error(s), 0 Warning(s).

<h2>Collection of Component include folders:</h2>
  H:\LY\RM\无人机任务二\任务二\USART_DMA(标准库)\Project\RVMDK（uv5）\RTE
  J:\Keil5\ARM\PACK\Keil\STM32F1xx_DFP\2.3.0

<h2>Collection of Component Files used:</h2>
</pre>
</body>
</html>
